-- rFunc-rename --
renaming "sFunc" to "rFunc" not possible because "github.com/jackie-feng/tools/internal/lsp/rename/bad" has errors
